Archive member included to satisfy reference by file (symbol)

d:/atmel studio 7.0 and rar/7.0/toolchain/avr8/avr8-gnu-toolchain/bin/../lib/gcc/avr/4.9.2/avr4\libgcc.a(_exit.o)
                              D:/Atmel Studio 7.0 And RAR/7.0/Packs/atmel/ATmega_DFP/1.0.106/gcc/dev/atmega48pa/avr4/crtatmega48pa.o (exit)
d:/atmel studio 7.0 and rar/7.0/toolchain/avr8/avr8-gnu-toolchain/bin/../lib/gcc/avr/4.9.2/avr4\libgcc.a(_clear_bss.o)
                              src/ASF/common/boards/user_board/init.o (__do_clear_bss)

Allocating common symbols
Common symbol       size              file

remote_signal_lost  0x1               src/main.o
irparams            0x9               src/ASF/common/boards/user_board/init.o
recv_flag           0x1               src/main.o
remote_signal_countdown
                    0x1               src/main.o
remote_id           0x1               src/main.o
count_1MS           0x1               src/ASF/common/boards/user_board/init.o
data_code           0x1               src/main.o
custom_code         0x1               src/main.o
remote_id_setting   0x1               src/ASF/common/boards/user_board/init.o
code                0x1               src/main.o
remote_id_setting_counter
                    0x1               src/ASF/common/boards/user_board/init.o
cmd                 0x1               src/main.o
count_1S            0x2               src/ASF/common/boards/user_board/init.o

Discarded input sections

 .data          0x00000000        0x0 D:/Atmel Studio 7.0 And RAR/7.0/Packs/atmel/ATmega_DFP/1.0.106/gcc/dev/atmega48pa/avr4/crtatmega48pa.o
 .bss           0x00000000        0x0 D:/Atmel Studio 7.0 And RAR/7.0/Packs/atmel/ATmega_DFP/1.0.106/gcc/dev/atmega48pa/avr4/crtatmega48pa.o
 .group         0x00000000        0x8 src/ASF/common/boards/user_board/init.o
 .group         0x00000000        0x8 src/ASF/common/boards/user_board/init.o
 .group         0x00000000        0x8 src/ASF/common/boards/user_board/init.o
 .group         0x00000000        0x8 src/ASF/common/boards/user_board/init.o
 .group         0x00000000        0x8 src/ASF/common/boards/user_board/init.o
 .group         0x00000000        0x8 src/ASF/common/boards/user_board/init.o
 .group         0x00000000        0x8 src/ASF/common/boards/user_board/init.o
 .group         0x00000000        0x8 src/ASF/common/boards/user_board/init.o
 .group         0x00000000        0x8 src/ASF/common/boards/user_board/init.o
 .group         0x00000000        0x8 src/ASF/common/boards/user_board/init.o
 .group         0x00000000        0x8 src/ASF/common/boards/user_board/init.o
 .group         0x00000000        0x8 src/ASF/common/boards/user_board/init.o
 .group         0x00000000        0x8 src/ASF/common/boards/user_board/init.o
 .group         0x00000000        0x8 src/ASF/common/boards/user_board/init.o
 .group         0x00000000        0x8 src/ASF/common/boards/user_board/init.o
 .group         0x00000000        0x8 src/ASF/common/boards/user_board/init.o
 .group         0x00000000        0x8 src/ASF/common/boards/user_board/init.o
 .group         0x00000000        0x8 src/ASF/common/boards/user_board/init.o
 .group         0x00000000        0x8 src/ASF/common/boards/user_board/init.o
 .group         0x00000000        0x8 src/ASF/common/boards/user_board/init.o
 .group         0x00000000        0x8 src/ASF/common/boards/user_board/init.o
 .group         0x00000000        0x8 src/ASF/common/boards/user_board/init.o
 .group         0x00000000        0x8 src/ASF/common/boards/user_board/init.o
 .group         0x00000000        0x8 src/ASF/common/boards/user_board/init.o
 .group         0x00000000        0x8 src/ASF/common/boards/user_board/init.o
 .group         0x00000000        0x8 src/ASF/common/boards/user_board/init.o
 .group         0x00000000        0x8 src/ASF/common/boards/user_board/init.o
 .group         0x00000000        0x8 src/ASF/common/boards/user_board/init.o
 .group         0x00000000        0x8 src/ASF/common/boards/user_board/init.o
 .text          0x00000000        0x0 src/ASF/common/boards/user_board/init.o
 .data          0x00000000        0x0 src/ASF/common/boards/user_board/init.o
 .bss           0x00000000        0x0 src/ASF/common/boards/user_board/init.o
 .group         0x00000000        0x8 src/ASF/common/boards/user_board/motor.o
 .group         0x00000000        0x8 src/ASF/common/boards/user_board/motor.o
 .group         0x00000000        0x8 src/ASF/common/boards/user_board/motor.o
 .group         0x00000000        0x8 src/ASF/common/boards/user_board/motor.o
 .group         0x00000000        0x8 src/ASF/common/boards/user_board/motor.o
 .group         0x00000000        0x8 src/ASF/common/boards/user_board/motor.o
 .group         0x00000000        0x8 src/ASF/common/boards/user_board/motor.o
 .group         0x00000000        0x8 src/ASF/common/boards/user_board/motor.o
 .group         0x00000000        0x8 src/ASF/common/boards/user_board/motor.o
 .group         0x00000000        0x8 src/ASF/common/boards/user_board/motor.o
 .group         0x00000000        0x8 src/ASF/common/boards/user_board/motor.o
 .group         0x00000000        0x8 src/ASF/common/boards/user_board/motor.o
 .group         0x00000000        0x8 src/ASF/common/boards/user_board/motor.o
 .group         0x00000000        0x8 src/ASF/common/boards/user_board/motor.o
 .group         0x00000000        0x8 src/ASF/common/boards/user_board/motor.o
 .group         0x00000000        0x8 src/ASF/common/boards/user_board/motor.o
 .group         0x00000000        0x8 src/ASF/common/boards/user_board/motor.o
 .group         0x00000000        0x8 src/ASF/common/boards/user_board/motor.o
 .group         0x00000000        0x8 src/ASF/common/boards/user_board/motor.o
 .group         0x00000000        0x8 src/ASF/common/boards/user_board/motor.o
 .group         0x00000000        0x8 src/ASF/common/boards/user_board/motor.o
 .group         0x00000000        0x8 src/ASF/common/boards/user_board/motor.o
 .group         0x00000000        0x8 src/ASF/common/boards/user_board/motor.o
 .group         0x00000000        0x8 src/ASF/common/boards/user_board/motor.o
 .group         0x00000000        0x8 src/ASF/common/boards/user_board/motor.o
 .group         0x00000000        0x8 src/ASF/common/boards/user_board/motor.o
 .text          0x00000000        0x0 src/ASF/common/boards/user_board/motor.o
 .data          0x00000000        0x0 src/ASF/common/boards/user_board/motor.o
 .bss           0x00000000        0x0 src/ASF/common/boards/user_board/motor.o
 .debug_macro   0x00000000      0xa42 src/ASF/common/boards/user_board/motor.o
 .debug_macro   0x00000000       0x10 src/ASF/common/boards/user_board/motor.o
 .debug_macro   0x00000000      0x1c9 src/ASF/common/boards/user_board/motor.o
 .debug_macro   0x00000000      0x2fc src/ASF/common/boards/user_board/motor.o
 .debug_macro   0x00000000       0x9e src/ASF/common/boards/user_board/motor.o
 .debug_macro   0x00000000      0xec4 src/ASF/common/boards/user_board/motor.o
 .debug_macro   0x00000000      0x13a src/ASF/common/boards/user_board/motor.o
 .debug_macro   0x00000000       0xbd src/ASF/common/boards/user_board/motor.o
 .debug_macro   0x00000000       0x34 src/ASF/common/boards/user_board/motor.o
 .debug_macro   0x00000000       0x18 src/ASF/common/boards/user_board/motor.o
 .debug_macro   0x00000000       0x34 src/ASF/common/boards/user_board/motor.o
 .debug_macro   0x00000000       0x22 src/ASF/common/boards/user_board/motor.o
 .debug_macro   0x00000000      0x166 src/ASF/common/boards/user_board/motor.o
 .debug_macro   0x00000000       0x1c src/ASF/common/boards/user_board/motor.o
 .debug_macro   0x00000000       0x35 src/ASF/common/boards/user_board/motor.o
 .debug_macro   0x00000000       0x66 src/ASF/common/boards/user_board/motor.o
 .debug_macro   0x00000000      0x644 src/ASF/common/boards/user_board/motor.o
 .debug_macro   0x00000000       0x44 src/ASF/common/boards/user_board/motor.o
 .debug_macro   0x00000000       0x69 src/ASF/common/boards/user_board/motor.o
 .debug_macro   0x00000000       0x2c src/ASF/common/boards/user_board/motor.o
 .debug_macro   0x00000000       0x10 src/ASF/common/boards/user_board/motor.o
 .debug_macro   0x00000000       0xe2 src/ASF/common/boards/user_board/motor.o
 .debug_macro   0x00000000       0x40 src/ASF/common/boards/user_board/motor.o
 .debug_macro   0x00000000      0x100 src/ASF/common/boards/user_board/motor.o
 .debug_macro   0x00000000       0x56 src/ASF/common/boards/user_board/motor.o
 .debug_macro   0x00000000       0x1c src/ASF/common/boards/user_board/motor.o
 .group         0x00000000        0x8 src/ASF/common/boards/user_board/timer.o
 .group         0x00000000        0x8 src/ASF/common/boards/user_board/timer.o
 .group         0x00000000        0x8 src/ASF/common/boards/user_board/timer.o
 .group         0x00000000        0x8 src/ASF/common/boards/user_board/timer.o
 .group         0x00000000        0x8 src/ASF/common/boards/user_board/timer.o
 .group         0x00000000        0x8 src/ASF/common/boards/user_board/timer.o
 .group         0x00000000        0x8 src/ASF/common/boards/user_board/timer.o
 .group         0x00000000        0x8 src/ASF/common/boards/user_board/timer.o
 .group         0x00000000        0x8 src/ASF/common/boards/user_board/timer.o
 .group         0x00000000        0x8 src/ASF/common/boards/user_board/timer.o
 .group         0x00000000        0x8 src/ASF/common/boards/user_board/timer.o
 .group         0x00000000        0x8 src/ASF/common/boards/user_board/timer.o
 .group         0x00000000        0x8 src/ASF/common/boards/user_board/timer.o
 .group         0x00000000        0x8 src/ASF/common/boards/user_board/timer.o
 .group         0x00000000        0x8 src/ASF/common/boards/user_board/timer.o
 .group         0x00000000        0x8 src/ASF/common/boards/user_board/timer.o
 .group         0x00000000        0x8 src/ASF/common/boards/user_board/timer.o
 .group         0x00000000        0x8 src/ASF/common/boards/user_board/timer.o
 .group         0x00000000        0x8 src/ASF/common/boards/user_board/timer.o
 .group         0x00000000        0x8 src/ASF/common/boards/user_board/timer.o
 .group         0x00000000        0x8 src/ASF/common/boards/user_board/timer.o
 .group         0x00000000        0x8 src/ASF/common/boards/user_board/timer.o
 .group         0x00000000        0x8 src/ASF/common/boards/user_board/timer.o
 .group         0x00000000        0x8 src/ASF/common/boards/user_board/timer.o
 .group         0x00000000        0x8 src/ASF/common/boards/user_board/timer.o
 .group         0x00000000        0x8 src/ASF/common/boards/user_board/timer.o
 .text          0x00000000        0x0 src/ASF/common/boards/user_board/timer.o
 .data          0x00000000        0x0 src/ASF/common/boards/user_board/timer.o
 .bss           0x00000000        0x0 src/ASF/common/boards/user_board/timer.o
 .debug_macro   0x00000000      0xa42 src/ASF/common/boards/user_board/timer.o
 .debug_macro   0x00000000       0x10 src/ASF/common/boards/user_board/timer.o
 .debug_macro   0x00000000      0x1c9 src/ASF/common/boards/user_board/timer.o
 .debug_macro   0x00000000      0x2fc src/ASF/common/boards/user_board/timer.o
 .debug_macro   0x00000000       0x9e src/ASF/common/boards/user_board/timer.o
 .debug_macro   0x00000000      0xec4 src/ASF/common/boards/user_board/timer.o
 .debug_macro   0x00000000      0x13a src/ASF/common/boards/user_board/timer.o
 .debug_macro   0x00000000       0xbd src/ASF/common/boards/user_board/timer.o
 .debug_macro   0x00000000       0x34 src/ASF/common/boards/user_board/timer.o
 .debug_macro   0x00000000       0x18 src/ASF/common/boards/user_board/timer.o
 .debug_macro   0x00000000       0x34 src/ASF/common/boards/user_board/timer.o
 .debug_macro   0x00000000       0x22 src/ASF/common/boards/user_board/timer.o
 .debug_macro   0x00000000      0x166 src/ASF/common/boards/user_board/timer.o
 .debug_macro   0x00000000       0x1c src/ASF/common/boards/user_board/timer.o
 .debug_macro   0x00000000       0x35 src/ASF/common/boards/user_board/timer.o
 .debug_macro   0x00000000       0x66 src/ASF/common/boards/user_board/timer.o
 .debug_macro   0x00000000      0x644 src/ASF/common/boards/user_board/timer.o
 .debug_macro   0x00000000       0x44 src/ASF/common/boards/user_board/timer.o
 .debug_macro   0x00000000       0x69 src/ASF/common/boards/user_board/timer.o
 .debug_macro   0x00000000       0x2c src/ASF/common/boards/user_board/timer.o
 .debug_macro   0x00000000       0x10 src/ASF/common/boards/user_board/timer.o
 .debug_macro   0x00000000       0xe2 src/ASF/common/boards/user_board/timer.o
 .debug_macro   0x00000000       0x40 src/ASF/common/boards/user_board/timer.o
 .debug_macro   0x00000000      0x100 src/ASF/common/boards/user_board/timer.o
 .debug_macro   0x00000000       0x56 src/ASF/common/boards/user_board/timer.o
 .group         0x00000000        0x8 src/main.o
 .group         0x00000000        0x8 src/main.o
 .group         0x00000000        0x8 src/main.o
 .group         0x00000000        0x8 src/main.o
 .group         0x00000000        0x8 src/main.o
 .group         0x00000000        0x8 src/main.o
 .group         0x00000000        0x8 src/main.o
 .group         0x00000000        0x8 src/main.o
 .group         0x00000000        0x8 src/main.o
 .group         0x00000000        0x8 src/main.o
 .group         0x00000000        0x8 src/main.o
 .group         0x00000000        0x8 src/main.o
 .group         0x00000000        0x8 src/main.o
 .group         0x00000000        0x8 src/main.o
 .group         0x00000000        0x8 src/main.o
 .group         0x00000000        0x8 src/main.o
 .group         0x00000000        0x8 src/main.o
 .group         0x00000000        0x8 src/main.o
 .group         0x00000000        0x8 src/main.o
 .group         0x00000000        0x8 src/main.o
 .group         0x00000000        0x8 src/main.o
 .group         0x00000000        0x8 src/main.o
 .group         0x00000000        0x8 src/main.o
 .group         0x00000000        0x8 src/main.o
 .group         0x00000000        0x8 src/main.o
 .group         0x00000000        0x8 src/main.o
 .group         0x00000000        0x8 src/main.o
 .group         0x00000000        0x8 src/main.o
 .text          0x00000000        0x0 src/main.o
 .data          0x00000000        0x0 src/main.o
 .bss           0x00000000        0x0 src/main.o
 .debug_macro   0x00000000      0xa42 src/main.o
 .debug_macro   0x00000000       0x10 src/main.o
 .debug_macro   0x00000000      0x1c9 src/main.o
 .debug_macro   0x00000000      0x2fc src/main.o
 .debug_macro   0x00000000       0x9e src/main.o
 .debug_macro   0x00000000      0xec4 src/main.o
 .debug_macro   0x00000000      0x13a src/main.o
 .debug_macro   0x00000000       0xbd src/main.o
 .debug_macro   0x00000000       0x34 src/main.o
 .debug_macro   0x00000000       0x18 src/main.o
 .debug_macro   0x00000000       0x34 src/main.o
 .debug_macro   0x00000000       0x22 src/main.o
 .debug_macro   0x00000000      0x166 src/main.o
 .debug_macro   0x00000000       0x1c src/main.o
 .debug_macro   0x00000000       0x35 src/main.o
 .debug_macro   0x00000000       0x66 src/main.o
 .debug_macro   0x00000000      0x644 src/main.o
 .debug_macro   0x00000000       0x44 src/main.o
 .debug_macro   0x00000000       0x69 src/main.o
 .debug_macro   0x00000000       0x2c src/main.o
 .debug_macro   0x00000000       0x10 src/main.o
 .debug_macro   0x00000000       0xe2 src/main.o
 .debug_macro   0x00000000       0x40 src/main.o
 .debug_macro   0x00000000      0x100 src/main.o
 .debug_macro   0x00000000      0x2a4 src/main.o
 .debug_macro   0x00000000       0x56 src/main.o
 .debug_macro   0x00000000       0x1c src/main.o
 .debug_macro   0x00000000       0x82 src/main.o
 .avr.prop      0x00000000       0x16 src/main.o
 .text          0x00000000        0x0 d:/atmel studio 7.0 and rar/7.0/toolchain/avr8/avr8-gnu-toolchain/bin/../lib/gcc/avr/4.9.2/avr4\libgcc.a(_exit.o)
 .data          0x00000000        0x0 d:/atmel studio 7.0 and rar/7.0/toolchain/avr8/avr8-gnu-toolchain/bin/../lib/gcc/avr/4.9.2/avr4\libgcc.a(_exit.o)
 .bss           0x00000000        0x0 d:/atmel studio 7.0 and rar/7.0/toolchain/avr8/avr8-gnu-toolchain/bin/../lib/gcc/avr/4.9.2/avr4\libgcc.a(_exit.o)
 .text.libgcc.mul
                0x00000000        0x0 d:/atmel studio 7.0 and rar/7.0/toolchain/avr8/avr8-gnu-toolchain/bin/../lib/gcc/avr/4.9.2/avr4\libgcc.a(_exit.o)
 .text.libgcc.div
                0x00000000        0x0 d:/atmel studio 7.0 and rar/7.0/toolchain/avr8/avr8-gnu-toolchain/bin/../lib/gcc/avr/4.9.2/avr4\libgcc.a(_exit.o)
 .text.libgcc   0x00000000        0x0 d:/atmel studio 7.0 and rar/7.0/toolchain/avr8/avr8-gnu-toolchain/bin/../lib/gcc/avr/4.9.2/avr4\libgcc.a(_exit.o)
 .text.libgcc.prologue
                0x00000000        0x0 d:/atmel studio 7.0 and rar/7.0/toolchain/avr8/avr8-gnu-toolchain/bin/../lib/gcc/avr/4.9.2/avr4\libgcc.a(_exit.o)
 .text.libgcc.builtins
                0x00000000        0x0 d:/atmel studio 7.0 and rar/7.0/toolchain/avr8/avr8-gnu-toolchain/bin/../lib/gcc/avr/4.9.2/avr4\libgcc.a(_exit.o)
 .text.libgcc.fmul
                0x00000000        0x0 d:/atmel studio 7.0 and rar/7.0/toolchain/avr8/avr8-gnu-toolchain/bin/../lib/gcc/avr/4.9.2/avr4\libgcc.a(_exit.o)
 .text.libgcc.fixed
                0x00000000        0x0 d:/atmel studio 7.0 and rar/7.0/toolchain/avr8/avr8-gnu-toolchain/bin/../lib/gcc/avr/4.9.2/avr4\libgcc.a(_exit.o)
 .text          0x00000000        0x0 d:/atmel studio 7.0 and rar/7.0/toolchain/avr8/avr8-gnu-toolchain/bin/../lib/gcc/avr/4.9.2/avr4\libgcc.a(_clear_bss.o)
 .data          0x00000000        0x0 d:/atmel studio 7.0 and rar/7.0/toolchain/avr8/avr8-gnu-toolchain/bin/../lib/gcc/avr/4.9.2/avr4\libgcc.a(_clear_bss.o)
 .bss           0x00000000        0x0 d:/atmel studio 7.0 and rar/7.0/toolchain/avr8/avr8-gnu-toolchain/bin/../lib/gcc/avr/4.9.2/avr4\libgcc.a(_clear_bss.o)
 .text.libgcc.mul
                0x00000000        0x0 d:/atmel studio 7.0 and rar/7.0/toolchain/avr8/avr8-gnu-toolchain/bin/../lib/gcc/avr/4.9.2/avr4\libgcc.a(_clear_bss.o)
 .text.libgcc.div
                0x00000000        0x0 d:/atmel studio 7.0 and rar/7.0/toolchain/avr8/avr8-gnu-toolchain/bin/../lib/gcc/avr/4.9.2/avr4\libgcc.a(_clear_bss.o)
 .text.libgcc   0x00000000        0x0 d:/atmel studio 7.0 and rar/7.0/toolchain/avr8/avr8-gnu-toolchain/bin/../lib/gcc/avr/4.9.2/avr4\libgcc.a(_clear_bss.o)
 .text.libgcc.prologue
                0x00000000        0x0 d:/atmel studio 7.0 and rar/7.0/toolchain/avr8/avr8-gnu-toolchain/bin/../lib/gcc/avr/4.9.2/avr4\libgcc.a(_clear_bss.o)
 .text.libgcc.builtins
                0x00000000        0x0 d:/atmel studio 7.0 and rar/7.0/toolchain/avr8/avr8-gnu-toolchain/bin/../lib/gcc/avr/4.9.2/avr4\libgcc.a(_clear_bss.o)
 .text.libgcc.fmul
                0x00000000        0x0 d:/atmel studio 7.0 and rar/7.0/toolchain/avr8/avr8-gnu-toolchain/bin/../lib/gcc/avr/4.9.2/avr4\libgcc.a(_clear_bss.o)
 .text.libgcc.fixed
                0x00000000        0x0 d:/atmel studio 7.0 and rar/7.0/toolchain/avr8/avr8-gnu-toolchain/bin/../lib/gcc/avr/4.9.2/avr4\libgcc.a(_clear_bss.o)

Memory Configuration

Name             Origin             Length             Attributes
text             0x00000000         0x00002000         xr
data             0x00800060         0x0000ffa0         rw !x
eeprom           0x00810000         0x00010000         rw !x
fuse             0x00820000         0x00000400         rw !x
lock             0x00830000         0x00000400         rw !x
signature        0x00840000         0x00000400         rw !x
user_signatures  0x00850000         0x00000400         rw !x
*default*        0x00000000         0xffffffff

Linker script and memory map

Address of section .data set to 0x800100
LOAD D:/Atmel Studio 7.0 And RAR/7.0/Packs/atmel/ATmega_DFP/1.0.106/gcc/dev/atmega48pa/avr4/crtatmega48pa.o
LOAD src/ASF/common/boards/user_board/init.o
LOAD src/ASF/common/boards/user_board/motor.o
LOAD src/ASF/common/boards/user_board/timer.o
LOAD src/main.o
START GROUP
LOAD d:/atmel studio 7.0 and rar/7.0/toolchain/avr8/avr8-gnu-toolchain/bin/../lib/gcc/avr/4.9.2/../../../../avr/lib/avr4\libm.a
END GROUP
START GROUP
LOAD d:/atmel studio 7.0 and rar/7.0/toolchain/avr8/avr8-gnu-toolchain/bin/../lib/gcc/avr/4.9.2/avr4\libgcc.a
LOAD d:/atmel studio 7.0 and rar/7.0/toolchain/avr8/avr8-gnu-toolchain/bin/../lib/gcc/avr/4.9.2/../../../../avr/lib/avr4\libm.a
LOAD d:/atmel studio 7.0 and rar/7.0/toolchain/avr8/avr8-gnu-toolchain/bin/../lib/gcc/avr/4.9.2/../../../../avr/lib/avr4\libc.a
LOAD D:/Atmel Studio 7.0 And RAR/7.0/Packs/atmel/ATmega_DFP/1.0.106/gcc/dev/atmega48pa/avr4\libatmega48pa.a
END GROUP
                0x00002000                __TEXT_REGION_LENGTH__ = DEFINED (__TEXT_REGION_LENGTH__)?__TEXT_REGION_LENGTH__:0x2000
                0x0000ffa0                __DATA_REGION_LENGTH__ = DEFINED (__DATA_REGION_LENGTH__)?__DATA_REGION_LENGTH__:0xffa0
                0x00010000                __EEPROM_REGION_LENGTH__ = DEFINED (__EEPROM_REGION_LENGTH__)?__EEPROM_REGION_LENGTH__:0x10000
                0x00000400                __FUSE_REGION_LENGTH__ = DEFINED (__FUSE_REGION_LENGTH__)?__FUSE_REGION_LENGTH__:0x400
                0x00000400                __LOCK_REGION_LENGTH__ = DEFINED (__LOCK_REGION_LENGTH__)?__LOCK_REGION_LENGTH__:0x400
                0x00000400                __SIGNATURE_REGION_LENGTH__ = DEFINED (__SIGNATURE_REGION_LENGTH__)?__SIGNATURE_REGION_LENGTH__:0x400
                0x00000400                __USER_SIGNATURE_REGION_LENGTH__ = DEFINED (__USER_SIGNATURE_REGION_LENGTH__)?__USER_SIGNATURE_REGION_LENGTH__:0x400

.hash
 *(.hash)

.dynsym
 *(.dynsym)

.dynstr
 *(.dynstr)

.gnu.version
 *(.gnu.version)

.gnu.version_d
 *(.gnu.version_d)

.gnu.version_r
 *(.gnu.version_r)

.rel.init
 *(.rel.init)

.rela.init
 *(.rela.init)

.rel.text
 *(.rel.text)
 *(.rel.text.*)
 *(.rel.gnu.linkonce.t*)

.rela.text
 *(.rela.text)
 *(.rela.text.*)
 *(.rela.gnu.linkonce.t*)

.rel.fini
 *(.rel.fini)

.rela.fini
 *(.rela.fini)

.rel.rodata
 *(.rel.rodata)
 *(.rel.rodata.*)
 *(.rel.gnu.linkonce.r*)

.rela.rodata
 *(.rela.rodata)
 *(.rela.rodata.*)
 *(.rela.gnu.linkonce.r*)

.rel.data
 *(.rel.data)
 *(.rel.data.*)
 *(.rel.gnu.linkonce.d*)

.rela.data
 *(.rela.data)
 *(.rela.data.*)
 *(.rela.gnu.linkonce.d*)

.rel.ctors
 *(.rel.ctors)

.rela.ctors
 *(.rela.ctors)

.rel.dtors
 *(.rel.dtors)

.rela.dtors
 *(.rela.dtors)

.rel.got
 *(.rel.got)

.rela.got
 *(.rela.got)

.rel.bss
 *(.rel.bss)

.rela.bss
 *(.rela.bss)

.rel.plt
 *(.rel.plt)

.rela.plt
 *(.rela.plt)

.text           0x00000000      0x590
 *(.vectors)
 .vectors       0x00000000       0x34 D:/Atmel Studio 7.0 And RAR/7.0/Packs/atmel/ATmega_DFP/1.0.106/gcc/dev/atmega48pa/avr4/crtatmega48pa.o
                0x00000000                __vector_default
                0x00000000                __vectors
 *(.vectors)
 *(.progmem.gcc*)
 .progmem.gcc_sw_table.main
                0x00000034       0x22 src/main.o
                0x00000056                . = ALIGN (0x2)
                0x00000056                __trampolines_start = .
 *(.trampolines)
 .trampolines   0x00000056        0x0 linker stubs
 *(.trampolines*)
                0x00000056                __trampolines_end = .
 *(.progmem*)
                0x00000056                . = ALIGN (0x2)
 *(.jumptables)
 *(.jumptables*)
 *(.lowtext)
 *(.lowtext*)
                0x00000056                __ctors_start = .
 *(.ctors)
                0x00000056                __ctors_end = .
                0x00000056                __dtors_start = .
 *(.dtors)
                0x00000056                __dtors_end = .
 SORT(*)(.ctors)
 SORT(*)(.dtors)
 *(.init0)
 .init0         0x00000056        0x0 D:/Atmel Studio 7.0 And RAR/7.0/Packs/atmel/ATmega_DFP/1.0.106/gcc/dev/atmega48pa/avr4/crtatmega48pa.o
                0x00000056                __init
 *(.init0)
 *(.init1)
 *(.init1)
 *(.init2)
 .init2         0x00000056        0xc D:/Atmel Studio 7.0 And RAR/7.0/Packs/atmel/ATmega_DFP/1.0.106/gcc/dev/atmega48pa/avr4/crtatmega48pa.o
 *(.init2)
 *(.init3)
 *(.init3)
 *(.init4)
 .init4         0x00000062       0x10 d:/atmel studio 7.0 and rar/7.0/toolchain/avr8/avr8-gnu-toolchain/bin/../lib/gcc/avr/4.9.2/avr4\libgcc.a(_clear_bss.o)
                0x00000062                __do_clear_bss
 *(.init4)
 *(.init5)
 *(.init5)
 *(.init6)
 *(.init6)
 *(.init7)
 *(.init7)
 *(.init8)
 *(.init8)
 *(.init9)
 .init9         0x00000072        0x4 D:/Atmel Studio 7.0 And RAR/7.0/Packs/atmel/ATmega_DFP/1.0.106/gcc/dev/atmega48pa/avr4/crtatmega48pa.o
 *(.init9)
 *(.text)
 .text          0x00000076        0x2 D:/Atmel Studio 7.0 And RAR/7.0/Packs/atmel/ATmega_DFP/1.0.106/gcc/dev/atmega48pa/avr4/crtatmega48pa.o
                0x00000076                __vector_22
                0x00000076                __vector_1
                0x00000076                __vector_24
                0x00000076                __vector_12
                0x00000076                __bad_interrupt
                0x00000076                __vector_6
                0x00000076                __vector_3
                0x00000076                __vector_23
                0x00000076                __vector_25
                0x00000076                __vector_11
                0x00000076                __vector_13
                0x00000076                __vector_17
                0x00000076                __vector_19
                0x00000076                __vector_5
                0x00000076                __vector_4
                0x00000076                __vector_9
                0x00000076                __vector_2
                0x00000076                __vector_21
                0x00000076                __vector_15
                0x00000076                __vector_8
                0x00000076                __vector_14
                0x00000076                __vector_10
                0x00000076                __vector_16
                0x00000076                __vector_18
                0x00000076                __vector_20
                0x00000078                . = ALIGN (0x2)
 *(.text.*)
 .text.board_init
                0x00000078       0x32 src/ASF/common/boards/user_board/init.o
                0x00000078                board_init
 .text.motor_rotateClkwise
                0x000000aa       0x5c src/ASF/common/boards/user_board/motor.o
                0x000000aa                motor_rotateClkwise
 .text.motor_rotateCounterClkwise
                0x00000106       0x5c src/ASF/common/boards/user_board/motor.o
                0x00000106                motor_rotateCounterClkwise
 .text.motor_stop
                0x00000162       0x5e src/ASF/common/boards/user_board/motor.o
                0x00000162                motor_stop
 .text.enableIRIn
                0x000001c0       0x2c src/ASF/common/boards/user_board/timer.o
                0x000001c0                enableIRIn
 .text.main     0x000001ec      0x14c src/main.o
                0x000001ec                main
 .text.__vector_7
                0x00000338      0x254 src/main.o
                0x00000338                __vector_7
                0x0000058c                . = ALIGN (0x2)
 *(.fini9)
 .fini9         0x0000058c        0x0 d:/atmel studio 7.0 and rar/7.0/toolchain/avr8/avr8-gnu-toolchain/bin/../lib/gcc/avr/4.9.2/avr4\libgcc.a(_exit.o)
                0x0000058c                _exit
                0x0000058c                exit
 *(.fini9)
 *(.fini8)
 *(.fini8)
 *(.fini7)
 *(.fini7)
 *(.fini6)
 *(.fini6)
 *(.fini5)
 *(.fini5)
 *(.fini4)
 *(.fini4)
 *(.fini3)
 *(.fini3)
 *(.fini2)
 *(.fini2)
 *(.fini1)
 *(.fini1)
 *(.fini0)
 .fini0         0x0000058c        0x4 d:/atmel studio 7.0 and rar/7.0/toolchain/avr8/avr8-gnu-toolchain/bin/../lib/gcc/avr/4.9.2/avr4\libgcc.a(_exit.o)
 *(.fini0)
                0x00000590                _etext = .

.data           0x00800100        0x0 load address 0x00000590
                [!provide]                PROVIDE (__data_start, .)
 *(.data)
 *(.data*)
 *(.rodata)
 *(.rodata*)
 *(.gnu.linkonce.d*)
                0x00800100                . = ALIGN (0x2)
                0x00800100                _edata = .
                [!provide]                PROVIDE (__data_end, .)

.bss            0x00800100       0x16
                0x00800100                PROVIDE (__bss_start, .)
 *(.bss)
 *(.bss*)
 *(COMMON)
 COMMON         0x00800100        0xe src/ASF/common/boards/user_board/init.o
                0x00800100                irparams
                0x00800109                count_1MS
                0x0080010a                remote_id_setting
                0x0080010b                remote_id_setting_counter
                0x0080010c                count_1S
 COMMON         0x0080010e        0x8 src/main.o
                0x0080010e                remote_signal_lost
                0x0080010f                recv_flag
                0x00800110                remote_signal_countdown
                0x00800111                remote_id
                0x00800112                data_code
                0x00800113                custom_code
                0x00800114                code
                0x00800115                cmd
                0x00800116                PROVIDE (__bss_end, .)
                0x00000590                __data_load_start = LOADADDR (.data)
                0x00000590                __data_load_end = (__data_load_start + SIZEOF (.data))

.noinit         0x00800116        0x0
                [!provide]                PROVIDE (__noinit_start, .)
 *(.noinit*)
                [!provide]                PROVIDE (__noinit_end, .)
                0x00800116                _end = .
                [!provide]                PROVIDE (__heap_start, .)

.eeprom         0x00810000        0x0
 *(.eeprom*)
                0x00810000                __eeprom_end = .

.fuse
 *(.fuse)
 *(.lfuse)
 *(.hfuse)
 *(.efuse)

.lock
 *(.lock*)

.signature
 *(.signature*)

.user_signatures
 *(.user_signatures*)

.stab
 *(.stab)

.stabstr
 *(.stabstr)

.stab.excl
 *(.stab.excl)

.stab.exclstr
 *(.stab.exclstr)

.stab.index
 *(.stab.index)

.stab.indexstr
 *(.stab.indexstr)

.comment        0x00000000       0x30
 *(.comment)
 .comment       0x00000000       0x30 src/ASF/common/boards/user_board/init.o
                                 0x31 (size before relaxing)
 .comment       0x00000030       0x31 src/ASF/common/boards/user_board/motor.o
 .comment       0x00000030       0x31 src/ASF/common/boards/user_board/timer.o
 .comment       0x00000030       0x31 src/main.o

.note.gnu.avr.deviceinfo
                0x00000000       0x40
 .note.gnu.avr.deviceinfo
                0x00000000       0x40 D:/Atmel Studio 7.0 And RAR/7.0/Packs/atmel/ATmega_DFP/1.0.106/gcc/dev/atmega48pa/avr4/crtatmega48pa.o

.note.gnu.build-id
 *(.note.gnu.build-id)

.debug
 *(.debug)

.line
 *(.line)

.debug_srcinfo
 *(.debug_srcinfo)

.debug_sfnames
 *(.debug_sfnames)

.debug_aranges  0x00000000       0x98
 *(.debug_aranges)
 .debug_aranges
                0x00000000       0x20 src/ASF/common/boards/user_board/init.o
 .debug_aranges
                0x00000020       0x30 src/ASF/common/boards/user_board/motor.o
 .debug_aranges
                0x00000050       0x20 src/ASF/common/boards/user_board/timer.o
 .debug_aranges
                0x00000070       0x28 src/main.o

.debug_pubnames
 *(.debug_pubnames)

.debug_info     0x00000000     0x143e
 *(.debug_info .gnu.linkonce.wi.*)
 .debug_info    0x00000000      0x52f src/ASF/common/boards/user_board/init.o
 .debug_info    0x0000052f      0x552 src/ASF/common/boards/user_board/motor.o
 .debug_info    0x00000a81      0x177 src/ASF/common/boards/user_board/timer.o
 .debug_info    0x00000bf8      0x846 src/main.o

.debug_abbrev   0x00000000      0x55e
 *(.debug_abbrev)
 .debug_abbrev  0x00000000      0x15c src/ASF/common/boards/user_board/init.o
 .debug_abbrev  0x0000015c      0x181 src/ASF/common/boards/user_board/motor.o
 .debug_abbrev  0x000002dd       0x83 src/ASF/common/boards/user_board/timer.o
 .debug_abbrev  0x00000360      0x1fe src/main.o

.debug_line     0x00000000     0x1398
 *(.debug_line .debug_line.* .debug_line_end)
 .debug_line    0x00000000      0x408 src/ASF/common/boards/user_board/init.o
 .debug_line    0x00000408      0x484 src/ASF/common/boards/user_board/motor.o
 .debug_line    0x0000088c      0x3b3 src/ASF/common/boards/user_board/timer.o
 .debug_line    0x00000c3f      0x759 src/main.o

.debug_frame    0x00000000       0xe4
 *(.debug_frame)
 .debug_frame   0x00000000       0x24 src/ASF/common/boards/user_board/init.o
 .debug_frame   0x00000024       0x44 src/ASF/common/boards/user_board/motor.o
 .debug_frame   0x00000068       0x24 src/ASF/common/boards/user_board/timer.o
 .debug_frame   0x0000008c       0x58 src/main.o

.debug_str      0x00000000     0xf596
 *(.debug_str)
 .debug_str     0x00000000     0xf3d3 src/ASF/common/boards/user_board/init.o
                               0xf599 (size before relaxing)
 .debug_str     0x0000f3d3       0xba src/ASF/common/boards/user_board/motor.o
                               0xea2c (size before relaxing)
 .debug_str     0x0000f48d       0x37 src/ASF/common/boards/user_board/timer.o
                               0xeb92 (size before relaxing)
 .debug_str     0x0000f4c4       0xd2 src/main.o
                               0xf61c (size before relaxing)

.debug_loc      0x00000000      0x3fe
 *(.debug_loc)
 .debug_loc     0x00000000      0x2ee src/ASF/common/boards/user_board/motor.o
 .debug_loc     0x000002ee      0x110 src/main.o

.debug_macinfo
 *(.debug_macinfo)

.debug_weaknames
 *(.debug_weaknames)

.debug_funcnames
 *(.debug_funcnames)

.debug_typenames
 *(.debug_typenames)

.debug_varnames
 *(.debug_varnames)

.debug_pubtypes
 *(.debug_pubtypes)

.debug_ranges   0x00000000       0x58
 *(.debug_ranges)
 .debug_ranges  0x00000000       0x10 src/ASF/common/boards/user_board/init.o
 .debug_ranges  0x00000010       0x20 src/ASF/common/boards/user_board/motor.o
 .debug_ranges  0x00000030       0x10 src/ASF/common/boards/user_board/timer.o
 .debug_ranges  0x00000040       0x18 src/main.o

.debug_macro    0x00000000     0x35ff
 *(.debug_macro)
 .debug_macro   0x00000000      0x169 src/ASF/common/boards/user_board/init.o
 .debug_macro   0x00000169      0xa42 src/ASF/common/boards/user_board/init.o
 .debug_macro   0x00000bab       0x10 src/ASF/common/boards/user_board/init.o
 .debug_macro   0x00000bbb      0x1c9 src/ASF/common/boards/user_board/init.o
 .debug_macro   0x00000d84      0x2fc src/ASF/common/boards/user_board/init.o
 .debug_macro   0x00001080       0x9e src/ASF/common/boards/user_board/init.o
 .debug_macro   0x0000111e      0xec4 src/ASF/common/boards/user_board/init.o
 .debug_macro   0x00001fe2      0x13a src/ASF/common/boards/user_board/init.o
 .debug_macro   0x0000211c       0xbd src/ASF/common/boards/user_board/init.o
 .debug_macro   0x000021d9       0x34 src/ASF/common/boards/user_board/init.o
 .debug_macro   0x0000220d       0x18 src/ASF/common/boards/user_board/init.o
 .debug_macro   0x00002225       0x34 src/ASF/common/boards/user_board/init.o
 .debug_macro   0x00002259       0x22 src/ASF/common/boards/user_board/init.o
 .debug_macro   0x0000227b      0x166 src/ASF/common/boards/user_board/init.o
 .debug_macro   0x000023e1       0x1c src/ASF/common/boards/user_board/init.o
 .debug_macro   0x000023fd       0x35 src/ASF/common/boards/user_board/init.o
 .debug_macro   0x00002432       0x66 src/ASF/common/boards/user_board/init.o
 .debug_macro   0x00002498      0x644 src/ASF/common/boards/user_board/init.o
 .debug_macro   0x00002adc       0x44 src/ASF/common/boards/user_board/init.o
 .debug_macro   0x00002b20       0x69 src/ASF/common/boards/user_board/init.o
 .debug_macro   0x00002b89       0x2c src/ASF/common/boards/user_board/init.o
 .debug_macro   0x00002bb5       0x10 src/ASF/common/boards/user_board/init.o
 .debug_macro   0x00002bc5       0xe2 src/ASF/common/boards/user_board/init.o
 .debug_macro   0x00002ca7       0x40 src/ASF/common/boards/user_board/init.o
 .debug_macro   0x00002ce7      0x100 src/ASF/common/boards/user_board/init.o
 .debug_macro   0x00002de7      0x2a4 src/ASF/common/boards/user_board/init.o
 .debug_macro   0x0000308b       0x56 src/ASF/common/boards/user_board/init.o
 .debug_macro   0x000030e1       0x1c src/ASF/common/boards/user_board/init.o
 .debug_macro   0x000030fd       0x82 src/ASF/common/boards/user_board/init.o
 .debug_macro   0x0000317f       0x1c src/ASF/common/boards/user_board/init.o
 .debug_macro   0x0000319b      0x13e src/ASF/common/boards/user_board/motor.o
 .debug_macro   0x000032d9      0x13e src/ASF/common/boards/user_board/timer.o
 .debug_macro   0x00003417       0x7c src/ASF/common/boards/user_board/timer.o
 .debug_macro   0x00003493      0x16c src/main.o
OUTPUT(EQduino_EM13_01_V1.elf elf32-avr)
LOAD linker stubs
